// Vitest Snapshot v1, https://vitest.dev/guide/snapshot.html

exports[`IconWrapper > renders the Icon component 1`] = `
<div>
  <svg
    aria-label=""
    class="fa-icon icon-info svelte-1mc5hvj"
    data-testid="icon"
    height="16"
    role="presentation"
    style="width:16px; height:16px; cursor:pointer;  "
    version="1.1"
    viewBox="0 0 1792 1792"
    width="16"
  >
    <path
      d="M1683 808l-742 741q-19 19-45 19t-45-19l-742-741q-19-19-19-45.5t19-45.5l166-165q19-19 45-19t45 19l531 531 531-531q19-19 45-19t45 19l166 165q19 19 19 45.5t-19 45.5z"
    />
     
     
    
  </svg>
</div>
`;
