// Vitest Snapshot v1, https://vitest.dev/guide/snapshot.html

exports[`Select > renders with default props 1`] = `
<body>
  <div>
    <div
      class="search-container relative flex w-fit cursor-pointer items-baseline s-Q2GksoR5hVxS"
      data-testid="select"
    >
       
      <button
        class="btn btn-xs rounded-full btn-circle p-0 bg-base-300 border-primary/[.2] hover:bg-base-300 disabled:bg-base-200 disabled:cursor-not-allowed btn btn-xs btn-circle p-0 bg-base-300 hover:bg-base-300 border-none disabled:bg-base-200 disabled:cursor-not-allowed"
        data-testid="collapse-button"
        disabled=""
        id=""
      >
        <svg
          aria-label=""
          class="fa-icon icon-disabled s-T5YyQewRBd7n"
          data-testid="icon"
          height="16"
          role="presentation"
          style="width:12px; height:12px; cursor:pointer;  "
          version="1.1"
          viewBox="0 0 1792 1792"
          width="16"
        >
          <path
            d="M1683 808l-742 741q-19 19-45 19t-45-19l-742-741q-19-19-19-45.5t19-45.5l166-165q19-19 45-19t45 19l531 531 531-531q19-19 45-19t45 19l166 165q19 19 19 45.5t-19 45.5z"
          />
          
           
           
          
          
        </svg>
        <!--&lt;Svg&gt;-->
        <!--&lt;Icon&gt;-->
        <!--&lt;Icon&gt;-->
      </button>
      <!--&lt;CollapseButton&gt;-->
       
    </div>
    <!--&lt;Select&gt;-->
  </div>
</body>
`;
