// Vitest Snapshot v1, https://vitest.dev/guide/snapshot.html

exports[`Divider > renders the divider component 1`] = `
<div
  class="h-[1px] w-full bg-black/[0.1] my-0 shrink-0"
  data-testid="divider"
/>
`;
