// Vitest Snapshot v1, https://vitest.dev/guide/snapshot.html

exports[`PageWrapper > renders component successfully 1`] = `
<div>
  <div
    class="flex max-h-[calc(100dvh-5rem)] w-full items-start justify-start overflow-auto px-7 py-8"
    data-testid="page-wrapper"
  />
  <!--&lt;PageWrapper&gt;-->
</div>
`;
