// Vitest Snapshot v1, https://vitest.dev/guide/snapshot.html

exports[`PageWrapper > renders component successfully 1`] = `
<body>
  <div>
    <div
      class="px-4 pb-4 pt-10 lg:px-0"
      data-testid="page-wrapper"
    />
    <!--&lt;PageWrapper&gt;-->
  </div>
</body>
`;
