// Vitest Snapshot v1, https://vitest.dev/guide/snapshot.html

exports[`InputCard component > applies the correct classes for primary variant 1`] = `
<div>
  <div
    class="w-full bg-base-100 px-6 py-[30px] rounded-3xl border border-grey-100"
    data-testid="input-card"
  />
</div>
`;
