// Vitest Snapshot v1, https://vitest.dev/guide/snapshot.html

exports[`Toast > renders a toast when added to the store 1`] = `
<div
  class="toast toast-end toast-top z-[9999] items-end"
  data-testid="toast"
>
  <button
    class="alert flex w-fit flex-row items-start justify-start gap-1 whitespace-normal rounded px-4 py-2 font-medium shadow-lg Default"
    data-testid="toast-btn"
  >
    <div
      class="flex h-5 w-5 items-center justify-center"
    >
      <svg
        aria-label=""
        class="fa-icon red s-T5YyQewRBd7n"
        data-testid="icon"
        height="16"
        role="presentation"
        style="width:18px; height:18px; cursor:pointer;  "
        version="1.1"
        viewBox="0 0 1792 1792"
        width="16"
      >
        <path
          d="M1683 808l-742 741q-19 19-45 19t-45-19l-742-741q-19-19-19-45.5t19-45.5l166-165q19-19 45-19t45 19l531 531 531-531q19-19 45-19t45 19l166 165q19 19 19 45.5t-19 45.5z"
        />
        
         
         
        
        
      </svg>
      <!--&lt;Svg&gt;-->
      <!--&lt;Icon&gt;-->
      <!--&lt;Icon&gt;-->
    </div>
     
    <span
      class="max-w-[330px] grow text-left text-sm"
    >
      You have successfully toast your notification
    </span>
     
  </button>
</div>
`;
