// Vitest Snapshot v1, https://vitest.dev/guide/snapshot.html

exports[`SearchWithSelect > render's component properly 1`] = `
<body>
  <div>
    <div
      class=" w-full rounded-lg bg-base-200 p-4"
      data-testid="input-card"
    >
      <div
        class="search-container"
      >
        <div
          class="flex items-center justify-between"
        >
          <div
            class="flex items-center gap-1"
          >
            <div
              class=" text-sm font-normal"
              data-testid="text"
            >
              Test Title
            </div>
            <!--&lt;Text&gt;-->
          </div>
        </div>
         
        <div
          class="flex items-center"
        >
          <input
            class="input input-ghost h-[30px] w-full text-lg mt-1 p-0 font-semibold text-primary disabled:opacity-70 disabled:text-primary disabled:placeholder:text-primary/[.2] focus-within:text-primary placeholder:text-primary/[.2] focus:outline-none focus-within:border-b-2 focus:bg-transparent"
            placeholder="Search..."
          />
           
          <div
            class="search-container relative flex w-fit cursor-pointer items-baseline s-Q2GksoR5hVxS"
            data-testid="select"
          >
             
            <button
              class="btn btn-xs rounded-full btn-circle p-0 bg-base-300 border-primary/[.2] hover:bg-base-300 disabled:bg-base-200 disabled:cursor-not-allowed btn btn-xs btn-circle p-0 bg-base-300 hover:bg-base-300 border-none disabled:bg-base-200 disabled:cursor-not-allowed"
              data-testid="collapse-button"
              disabled=""
              id=""
            >
              <svg
                aria-label=""
                class="fa-icon icon-disabled s-T5YyQewRBd7n"
                data-testid="icon"
                height="16"
                role="presentation"
                style="width:12px; height:12px; cursor:pointer;  "
                version="1.1"
                viewBox="0 0 1792 1792"
                width="16"
              >
                <path
                  d="M1683 808l-742 741q-19 19-45 19t-45-19l-742-741q-19-19-19-45.5t19-45.5l166-165q19-19 45-19t45 19l531 531 531-531q19-19 45-19t45 19l166 165q19 19 19 45.5t-19 45.5z"
                />
                
                 
                 
                
                
              </svg>
              <!--&lt;Svg&gt;-->
              <!--&lt;Icon&gt;-->
              <!--&lt;Icon&gt;-->
            </button>
            <!--&lt;CollapseButton&gt;-->
             
          </div>
          <!--&lt;Select&gt;-->
        </div>
      </div>
    </div>
    <!--&lt;InputCard&gt;-->
    <!--&lt;SearchWithSelect&gt;-->
  </div>
</body>
`;
